<?xml version="1.0" encoding="UTF-8"?>
<TestRun id="8a5c8d1d-e50d-4ebb-86e2-6f695bcc6ea3" name="Coen@COEN01 2012-08-29 22:40:07" runUser="coen01\Coen" xmlns="http://microsoft.com/schemas/VisualStudio/TeamTest/2010">
  <TestSettings name="Local" id="5786f090-59a7-42af-a58c-ae00a1ce97c2">
    <Description>These are default test settings for a local test run.</Description>
    <Deployment enabled="false" runDeploymentRoot="Coen_COEN01 2012-08-29 22_40_07">
      <DeploymentItem filename="C:\code\bug\Bug\bin\Release\Bug.exe" />
    </Deployment>
    <Execution>
      <TestTypeSpecific />
      <AgentRule name="Execution Agents">
      </AgentRule>
    </Execution>
  </TestSettings>
  <Times creation="2012-08-29T22:40:07.1234886+02:00" queuing="2012-08-29T22:40:07.8675311+02:00" start="2012-08-29T22:40:07.9245344+02:00" finish="2012-08-29T22:40:08.6915782+02:00" />
  <ResultSummary outcome="Completed">
    <Counters total="6" executed="6" passed="6" error="0" failed="0" timeout="0" aborted="0" inconclusive="0" passedButRunAborted="0" notRunnable="0" notExecuted="0" disconnected="0" warning="0" completed="0" inProgress="0" pending="0" />
  </ResultSummary>
  <TestDefinitions>
    <UnitTest name="ToStringTest" storage="c:\code\bug\testproject\bin\release\testproject.dll" id="89072e21-dbe3-dce0-01c0-57ef9c9b6553">
      <Execution id="c6c79777-63e0-428a-bfe8-c94d34554386" />
      <TestMethod codeBase="C:/code/bug/TestProject/bin/Release/TestProject.DLL" adapterTypeName="Microsoft.VisualStudio.TestTools.TestTypes.Unit.UnitTestAdapter, Microsoft.VisualStudio.QualityTools.Tips.UnitTest.Adapter, Version=10.0.0.0, Culture=neutral, PublicKeyToken=b03f5f7f11d50a3a" className="TestProject.TimeEntryTest, TestProject, Version=1.0.0.0, Culture=neutral, PublicKeyToken=null" name="ToStringTest" />
    </UnitTest>
    <UnitTest name="TimeEntryConstructorTest" storage="c:\code\bug\testproject\bin\release\testproject.dll" id="b10a3813-a73b-7933-aa5d-6d89f699fdb7">
      <Execution id="4ff7b046-e74e-4f64-bc84-5ee9b67f77c0" />
      <TestMethod codeBase="C:/code/bug/TestProject/bin/Release/TestProject.DLL" adapterTypeName="Microsoft.VisualStudio.TestTools.TestTypes.Unit.UnitTestAdapter, Microsoft.VisualStudio.QualityTools.Tips.UnitTest.Adapter, Version=10.0.0.0, Culture=neutral, PublicKeyToken=b03f5f7f11d50a3a" className="TestProject.TimeEntryTest, TestProject, Version=1.0.0.0, Culture=neutral, PublicKeyToken=null" name="TimeEntryConstructorTest" />
    </UnitTest>
    <UnitTest name="GetTimeFromSecondsTest" storage="c:\code\bug\testproject\bin\release\testproject.dll" id="50daf6a6-2866-3129-4567-2b8164ccbaae">
      <Execution id="5d659c2b-d0f5-4b7d-a9ed-9ea222a1e78b" />
      <TestMethod codeBase="C:/code/bug/TestProject/bin/Release/TestProject.DLL" adapterTypeName="Microsoft.VisualStudio.TestTools.TestTypes.Unit.UnitTestAdapter, Microsoft.VisualStudio.QualityTools.Tips.UnitTest.Adapter, Version=10.0.0.0, Culture=neutral, PublicKeyToken=b03f5f7f11d50a3a" className="TestProject.DateTimeUtilityTest, TestProject, Version=1.0.0.0, Culture=neutral, PublicKeyToken=null" name="GetTimeFromSecondsTest" />
    </UnitTest>
    <UnitTest name="FromStringTest" storage="c:\code\bug\testproject\bin\release\testproject.dll" id="b94d9871-5fa7-b619-0a90-eda633d38570">
      <Execution id="87978e80-90a6-4f8b-9e6d-c14b59b417b0" />
      <TestMethod codeBase="C:/code/bug/TestProject/bin/Release/TestProject.DLL" adapterTypeName="Microsoft.VisualStudio.TestTools.TestTypes.Unit.UnitTestAdapter, Microsoft.VisualStudio.QualityTools.Tips.UnitTest.Adapter, Version=10.0.0.0, Culture=neutral, PublicKeyToken=b03f5f7f11d50a3a" className="TestProject.TimeEntryTest, TestProject, Version=1.0.0.0, Culture=neutral, PublicKeyToken=null" name="FromStringTest" />
    </UnitTest>
    <UnitTest name="CurrentRunTimeTest" storage="c:\code\bug\testproject\bin\release\testproject.dll" id="d55516c7-e13e-d4ce-3245-c0444ccd326b">
      <Execution id="613eaba9-b116-41a9-9cc5-aaf845b27f17" />
      <TestMethod codeBase="C:/code/bug/TestProject/bin/Release/TestProject.DLL" adapterTypeName="Microsoft.VisualStudio.TestTools.TestTypes.Unit.UnitTestAdapter, Microsoft.VisualStudio.QualityTools.Tips.UnitTest.Adapter, Version=10.0.0.0, Culture=neutral, PublicKeyToken=b03f5f7f11d50a3a" className="TestProject.TimeEntryTest, TestProject, Version=1.0.0.0, Culture=neutral, PublicKeyToken=null" name="CurrentRunTimeTest" />
    </UnitTest>
    <UnitTest name="CreationTimeTest" storage="c:\code\bug\testproject\bin\release\testproject.dll" id="b8b321bc-7028-a1e8-67cd-3a4a3c394883">
      <Execution id="f25eb67e-b22f-4b88-b398-9e2152ab777a" />
      <TestMethod codeBase="C:/code/bug/TestProject/bin/Release/TestProject.DLL" adapterTypeName="Microsoft.VisualStudio.TestTools.TestTypes.Unit.UnitTestAdapter, Microsoft.VisualStudio.QualityTools.Tips.UnitTest.Adapter, Version=10.0.0.0, Culture=neutral, PublicKeyToken=b03f5f7f11d50a3a" className="TestProject.TimeEntryTest, TestProject, Version=1.0.0.0, Culture=neutral, PublicKeyToken=null" name="CreationTimeTest" />
    </UnitTest>
  </TestDefinitions>
  <TestLists>
    <TestList name="Results Not in a List" id="8c84fa94-04c1-424b-9868-57a2d4851a1d" />
    <TestList name="All Loaded Results" id="19431567-8539-422a-85d7-44ee4e166bda" />
  </TestLists>
  <TestEntries>
    <TestEntry testId="50daf6a6-2866-3129-4567-2b8164ccbaae" executionId="5d659c2b-d0f5-4b7d-a9ed-9ea222a1e78b" testListId="8c84fa94-04c1-424b-9868-57a2d4851a1d" />
    <TestEntry testId="b10a3813-a73b-7933-aa5d-6d89f699fdb7" executionId="4ff7b046-e74e-4f64-bc84-5ee9b67f77c0" testListId="8c84fa94-04c1-424b-9868-57a2d4851a1d" />
    <TestEntry testId="b94d9871-5fa7-b619-0a90-eda633d38570" executionId="87978e80-90a6-4f8b-9e6d-c14b59b417b0" testListId="8c84fa94-04c1-424b-9868-57a2d4851a1d" />
    <TestEntry testId="89072e21-dbe3-dce0-01c0-57ef9c9b6553" executionId="c6c79777-63e0-428a-bfe8-c94d34554386" testListId="8c84fa94-04c1-424b-9868-57a2d4851a1d" />
    <TestEntry testId="b8b321bc-7028-a1e8-67cd-3a4a3c394883" executionId="f25eb67e-b22f-4b88-b398-9e2152ab777a" testListId="8c84fa94-04c1-424b-9868-57a2d4851a1d" />
    <TestEntry testId="d55516c7-e13e-d4ce-3245-c0444ccd326b" executionId="613eaba9-b116-41a9-9cc5-aaf845b27f17" testListId="8c84fa94-04c1-424b-9868-57a2d4851a1d" />
  </TestEntries>
  <Results>
    <UnitTestResult executionId="5d659c2b-d0f5-4b7d-a9ed-9ea222a1e78b" testId="50daf6a6-2866-3129-4567-2b8164ccbaae" testName="GetTimeFromSecondsTest" computerName="COEN01" duration="00:00:00.0194659" startTime="2012-08-29T22:40:07.9605364+02:00" endTime="2012-08-29T22:40:08.5765717+02:00" testType="13cdc9d9-ddb5-4fa4-a97d-d965ccfc6d4b" outcome="Passed" testListId="8c84fa94-04c1-424b-9868-57a2d4851a1d" relativeResultsDirectory="5d659c2b-d0f5-4b7d-a9ed-9ea222a1e78b">
    </UnitTestResult>
    <UnitTestResult executionId="4ff7b046-e74e-4f64-bc84-5ee9b67f77c0" testId="b10a3813-a73b-7933-aa5d-6d89f699fdb7" testName="TimeEntryConstructorTest" computerName="COEN01" duration="00:00:00.0019685" startTime="2012-08-29T22:40:08.5845721+02:00" endTime="2012-08-29T22:40:08.5915725+02:00" testType="13cdc9d9-ddb5-4fa4-a97d-d965ccfc6d4b" outcome="Passed" testListId="8c84fa94-04c1-424b-9868-57a2d4851a1d" relativeResultsDirectory="4ff7b046-e74e-4f64-bc84-5ee9b67f77c0">
    </UnitTestResult>
    <UnitTestResult executionId="87978e80-90a6-4f8b-9e6d-c14b59b417b0" testId="b94d9871-5fa7-b619-0a90-eda633d38570" testName="FromStringTest" computerName="COEN01" duration="00:00:00.0006332" startTime="2012-08-29T22:40:08.6005730+02:00" endTime="2012-08-29T22:40:08.6065734+02:00" testType="13cdc9d9-ddb5-4fa4-a97d-d965ccfc6d4b" outcome="Passed" testListId="8c84fa94-04c1-424b-9868-57a2d4851a1d" relativeResultsDirectory="87978e80-90a6-4f8b-9e6d-c14b59b417b0">
    </UnitTestResult>
    <UnitTestResult executionId="c6c79777-63e0-428a-bfe8-c94d34554386" testId="89072e21-dbe3-dce0-01c0-57ef9c9b6553" testName="ToStringTest" computerName="COEN01" duration="00:00:00.0005004" startTime="2012-08-29T22:40:08.6145738+02:00" endTime="2012-08-29T22:40:08.6195741+02:00" testType="13cdc9d9-ddb5-4fa4-a97d-d965ccfc6d4b" outcome="Passed" testListId="8c84fa94-04c1-424b-9868-57a2d4851a1d" relativeResultsDirectory="c6c79777-63e0-428a-bfe8-c94d34554386">
    </UnitTestResult>
    <UnitTestResult executionId="f25eb67e-b22f-4b88-b398-9e2152ab777a" testId="b8b321bc-7028-a1e8-67cd-3a4a3c394883" testName="CreationTimeTest" computerName="COEN01" duration="00:00:00.0003433" startTime="2012-08-29T22:40:08.6275746+02:00" endTime="2012-08-29T22:40:08.6325749+02:00" testType="13cdc9d9-ddb5-4fa4-a97d-d965ccfc6d4b" outcome="Passed" testListId="8c84fa94-04c1-424b-9868-57a2d4851a1d" relativeResultsDirectory="f25eb67e-b22f-4b88-b398-9e2152ab777a">
    </UnitTestResult>
    <UnitTestResult executionId="613eaba9-b116-41a9-9cc5-aaf845b27f17" testId="d55516c7-e13e-d4ce-3245-c0444ccd326b" testName="CurrentRunTimeTest" computerName="COEN01" duration="00:00:00.0004480" startTime="2012-08-29T22:40:08.6375752+02:00" endTime="2012-08-29T22:40:08.6425754+02:00" testType="13cdc9d9-ddb5-4fa4-a97d-d965ccfc6d4b" outcome="Passed" testListId="8c84fa94-04c1-424b-9868-57a2d4851a1d" relativeResultsDirectory="613eaba9-b116-41a9-9cc5-aaf845b27f17">
    </UnitTestResult>
  </Results>
</TestRun>