<?xml version="1.0" encoding="UTF-8"?>
<TestRun id="f328167b-a0c9-475d-aed1-58ae05cf7ba3" name="Coen@COEN01 2012-08-30 01:27:12" runUser="coen01\Coen" xmlns="http://microsoft.com/schemas/VisualStudio/TeamTest/2010">
  <TestSettings name="Local" id="5786f090-59a7-42af-a58c-ae00a1ce97c2">
    <Description>These are default test settings for a local test run.</Description>
    <Deployment enabled="false" runDeploymentRoot="Coen_COEN01 2012-08-30 01_27_12">
      <DeploymentItem filename="C:\code\bug\Bug\bin\Debug\Bug.exe" />
    </Deployment>
    <Execution>
      <TestTypeSpecific />
      <AgentRule name="Execution Agents">
      </AgentRule>
    </Execution>
  </TestSettings>
  <Times creation="2012-08-30T01:27:12.7773178+02:00" queuing="2012-08-30T01:27:13.5417191+02:00" start="2012-08-30T01:27:13.5885192+02:00" finish="2012-08-30T01:28:30.4030541+02:00" />
  <ResultSummary outcome="Error">
    <Counters total="7" executed="3" passed="2" error="0" failed="0" timeout="0" aborted="1" inconclusive="0" passedButRunAborted="0" notRunnable="0" notExecuted="4" disconnected="0" warning="0" completed="0" inProgress="0" pending="0" />
    <RunInfos>
      <RunInfo computerName="COEN01" outcome="Error" timestamp="2012-08-30T01:28:30.4030541+02:00">
        <Text>Test host process exited unexpectedly.</Text>
      </RunInfo>
    </RunInfos>
  </ResultSummary>
  <TestDefinitions>
    <UnitTest name="TimeEntryParseConstructorTest" storage="c:\code\bug\testproject\bin\debug\testproject.dll" id="ce4d802a-d88b-c253-861d-57a8449adeeb">
      <Execution id="38c0d85d-9977-4515-a5c3-dc73714a8f93" />
      <TestMethod codeBase="C:/code/bug/TestProject/bin/Debug/TestProject.DLL" adapterTypeName="Microsoft.VisualStudio.TestTools.TestTypes.Unit.UnitTestAdapter, Microsoft.VisualStudio.QualityTools.Tips.UnitTest.Adapter, Version=10.0.0.0, Culture=neutral, PublicKeyToken=b03f5f7f11d50a3a" className="TestProject.TimeEntryTest, TestProject, Version=1.0.0.0, Culture=neutral, PublicKeyToken=null" name="TimeEntryParseConstructorTest" />
    </UnitTest>
    <UnitTest name="ToSimpleStringTest" storage="c:\code\bug\testproject\bin\debug\testproject.dll" id="1f0f11e1-8f92-b124-2dad-e1bd7cb8be9a">
      <Execution id="b5eb6ec2-3d3f-42fd-8b17-bf481ad89e5d" />
      <TestMethod codeBase="C:/code/bug/TestProject/bin/Debug/TestProject.DLL" adapterTypeName="Microsoft.VisualStudio.TestTools.TestTypes.Unit.UnitTestAdapter, Microsoft.VisualStudio.QualityTools.Tips.UnitTest.Adapter, Version=10.0.0.0, Culture=neutral, PublicKeyToken=b03f5f7f11d50a3a" className="TestProject.TimeSpanExtensionsTest, TestProject, Version=1.0.0.0, Culture=neutral, PublicKeyToken=null" name="ToSimpleStringTest" />
    </UnitTest>
    <UnitTest name="TimeEntryConstructorTest" storage="c:\code\bug\testproject\bin\debug\testproject.dll" id="b10a3813-a73b-7933-aa5d-6d89f699fdb7">
      <Execution id="9d39d9af-defe-402d-b66d-9290685ec172" />
      <TestMethod codeBase="C:/code/bug/TestProject/bin/Debug/TestProject.DLL" adapterTypeName="Microsoft.VisualStudio.TestTools.TestTypes.Unit.UnitTestAdapter, Microsoft.VisualStudio.QualityTools.Tips.UnitTest.Adapter, Version=10.0.0.0, Culture=neutral, PublicKeyToken=b03f5f7f11d50a3a" className="TestProject.TimeEntryTest, TestProject, Version=1.0.0.0, Culture=neutral, PublicKeyToken=null" name="TimeEntryConstructorTest" />
    </UnitTest>
    <UnitTest name="TimeEntryCollectionConstructorTest" storage="c:\code\bug\testproject\bin\debug\testproject.dll" id="2d368439-f824-7d72-7611-116709ee3ce5">
      <Execution id="52d4d4a0-c1e6-4856-b724-0d8da7d22f5a" />
      <TestMethod codeBase="C:/code/bug/TestProject/bin/Debug/TestProject.DLL" adapterTypeName="Microsoft.VisualStudio.TestTools.TestTypes.Unit.UnitTestAdapter, Microsoft.VisualStudio.QualityTools.Tips.UnitTest.Adapter, Version=10.0.0.0, Culture=neutral, PublicKeyToken=b03f5f7f11d50a3a" className="TestProject.TimeEntryCollectionTest, TestProject, Version=1.0.0.0, Culture=neutral, PublicKeyToken=null" name="TimeEntryCollectionConstructorTest" />
    </UnitTest>
    <UnitTest name="InsertTest" storage="c:\code\bug\testproject\bin\debug\testproject.dll" id="9308e608-94c3-c793-44a0-7e6168cfb45d">
      <Execution id="c040efd1-98ce-40b8-b825-b193270eff66" />
      <TestMethod codeBase="C:/code/bug/TestProject/bin/Debug/TestProject.DLL" adapterTypeName="Microsoft.VisualStudio.TestTools.TestTypes.Unit.UnitTestAdapter, Microsoft.VisualStudio.QualityTools.Tips.UnitTest.Adapter, Version=10.0.0.0, Culture=neutral, PublicKeyToken=b03f5f7f11d50a3a" className="TestProject.TimeEntryCollectionTest, TestProject, Version=1.0.0.0, Culture=neutral, PublicKeyToken=null" name="InsertTest" />
    </UnitTest>
    <UnitTest name="ToStringTest" storage="c:\code\bug\testproject\bin\debug\testproject.dll" id="89072e21-dbe3-dce0-01c0-57ef9c9b6553">
      <Execution id="58519f03-2009-4248-8f6c-b218d0186bef" />
      <TestMethod codeBase="C:/code/bug/TestProject/bin/Debug/TestProject.DLL" adapterTypeName="Microsoft.VisualStudio.TestTools.TestTypes.Unit.UnitTestAdapter, Microsoft.VisualStudio.QualityTools.Tips.UnitTest.Adapter, Version=10.0.0.0, Culture=neutral, PublicKeyToken=b03f5f7f11d50a3a" className="TestProject.TimeEntryTest, TestProject, Version=1.0.0.0, Culture=neutral, PublicKeyToken=null" name="ToStringTest" />
    </UnitTest>
    <UnitTest name="SaveTest" storage="c:\code\bug\testproject\bin\debug\testproject.dll" id="e2040fae-2757-28cf-a744-e5a90282effd">
      <Execution id="67e98bb7-cc1f-4695-b7a4-3936c83d86b6" />
      <TestMethod codeBase="C:/code/bug/TestProject/bin/Debug/TestProject.DLL" adapterTypeName="Microsoft.VisualStudio.TestTools.TestTypes.Unit.UnitTestAdapter, Microsoft.VisualStudio.QualityTools.Tips.UnitTest.Adapter, Version=10.0.0.0, Culture=neutral, PublicKeyToken=b03f5f7f11d50a3a" className="TestProject.TimeEntryCollectionTest, TestProject, Version=1.0.0.0, Culture=neutral, PublicKeyToken=null" name="SaveTest" />
    </UnitTest>
  </TestDefinitions>
  <TestLists>
    <TestList name="Results Not in a List" id="8c84fa94-04c1-424b-9868-57a2d4851a1d" />
    <TestList name="All Loaded Results" id="19431567-8539-422a-85d7-44ee4e166bda" />
  </TestLists>
  <TestEntries>
    <TestEntry testId="b10a3813-a73b-7933-aa5d-6d89f699fdb7" executionId="9d39d9af-defe-402d-b66d-9290685ec172" testListId="8c84fa94-04c1-424b-9868-57a2d4851a1d" />
    <TestEntry testId="ce4d802a-d88b-c253-861d-57a8449adeeb" executionId="38c0d85d-9977-4515-a5c3-dc73714a8f93" testListId="8c84fa94-04c1-424b-9868-57a2d4851a1d" />
    <TestEntry testId="89072e21-dbe3-dce0-01c0-57ef9c9b6553" executionId="58519f03-2009-4248-8f6c-b218d0186bef" testListId="8c84fa94-04c1-424b-9868-57a2d4851a1d" />
    <TestEntry testId="2d368439-f824-7d72-7611-116709ee3ce5" executionId="52d4d4a0-c1e6-4856-b724-0d8da7d22f5a" testListId="8c84fa94-04c1-424b-9868-57a2d4851a1d" />
    <TestEntry testId="9308e608-94c3-c793-44a0-7e6168cfb45d" executionId="c040efd1-98ce-40b8-b825-b193270eff66" testListId="8c84fa94-04c1-424b-9868-57a2d4851a1d" />
    <TestEntry testId="e2040fae-2757-28cf-a744-e5a90282effd" executionId="67e98bb7-cc1f-4695-b7a4-3936c83d86b6" testListId="8c84fa94-04c1-424b-9868-57a2d4851a1d" />
    <TestEntry testId="1f0f11e1-8f92-b124-2dad-e1bd7cb8be9a" executionId="b5eb6ec2-3d3f-42fd-8b17-bf481ad89e5d" testListId="8c84fa94-04c1-424b-9868-57a2d4851a1d" />
  </TestEntries>
  <Results>
    <UnitTestResult executionId="9d39d9af-defe-402d-b66d-9290685ec172" testId="b10a3813-a73b-7933-aa5d-6d89f699fdb7" testName="TimeEntryConstructorTest" computerName="COEN01" duration="00:00:00.0172918" startTime="2012-08-30T01:27:13.6197192+02:00" endTime="2012-08-30T01:27:14.2281203+02:00" testType="13cdc9d9-ddb5-4fa4-a97d-d965ccfc6d4b" outcome="Passed" testListId="8c84fa94-04c1-424b-9868-57a2d4851a1d" relativeResultsDirectory="9d39d9af-defe-402d-b66d-9290685ec172">
    </UnitTestResult>
    <UnitTestResult executionId="38c0d85d-9977-4515-a5c3-dc73714a8f93" testId="ce4d802a-d88b-c253-861d-57a8449adeeb" testName="TimeEntryParseConstructorTest" computerName="COEN01" duration="00:00:00.0649150" startTime="2012-08-30T01:27:14.2437203+02:00" endTime="2012-08-30T01:27:14.3061204+02:00" testType="13cdc9d9-ddb5-4fa4-a97d-d965ccfc6d4b" outcome="Passed" testListId="8c84fa94-04c1-424b-9868-57a2d4851a1d" relativeResultsDirectory="38c0d85d-9977-4515-a5c3-dc73714a8f93">
    </UnitTestResult>
    <UnitTestResult executionId="58519f03-2009-4248-8f6c-b218d0186bef" testId="89072e21-dbe3-dce0-01c0-57ef9c9b6553" testName="ToStringTest" computerName="COEN01" duration="00:01:16.0813336" startTime="2012-08-30T01:27:14.3217205+02:00" endTime="2012-08-30T01:28:30.4030541+02:00" testType="13cdc9d9-ddb5-4fa4-a97d-d965ccfc6d4b" outcome="Aborted" testListId="8c84fa94-04c1-424b-9868-57a2d4851a1d" relativeResultsDirectory="58519f03-2009-4248-8f6c-b218d0186bef">
    </UnitTestResult>
    <UnitTestResult executionId="52d4d4a0-c1e6-4856-b724-0d8da7d22f5a" testId="2d368439-f824-7d72-7611-116709ee3ce5" testName="TimeEntryCollectionConstructorTest" computerName="COEN01" testType="13cdc9d9-ddb5-4fa4-a97d-d965ccfc6d4b" outcome="NotExecuted" testListId="8c84fa94-04c1-424b-9868-57a2d4851a1d" relativeResultsDirectory="52d4d4a0-c1e6-4856-b724-0d8da7d22f5a">
    </UnitTestResult>
    <UnitTestResult executionId="c040efd1-98ce-40b8-b825-b193270eff66" testId="9308e608-94c3-c793-44a0-7e6168cfb45d" testName="InsertTest" computerName="COEN01" testType="13cdc9d9-ddb5-4fa4-a97d-d965ccfc6d4b" outcome="NotExecuted" testListId="8c84fa94-04c1-424b-9868-57a2d4851a1d" relativeResultsDirectory="c040efd1-98ce-40b8-b825-b193270eff66">
    </UnitTestResult>
    <UnitTestResult executionId="67e98bb7-cc1f-4695-b7a4-3936c83d86b6" testId="e2040fae-2757-28cf-a744-e5a90282effd" testName="SaveTest" computerName="COEN01" testType="13cdc9d9-ddb5-4fa4-a97d-d965ccfc6d4b" outcome="NotExecuted" testListId="8c84fa94-04c1-424b-9868-57a2d4851a1d" relativeResultsDirectory="67e98bb7-cc1f-4695-b7a4-3936c83d86b6">
    </UnitTestResult>
    <UnitTestResult executionId="b5eb6ec2-3d3f-42fd-8b17-bf481ad89e5d" testId="1f0f11e1-8f92-b124-2dad-e1bd7cb8be9a" testName="ToSimpleStringTest" computerName="COEN01" testType="13cdc9d9-ddb5-4fa4-a97d-d965ccfc6d4b" outcome="NotExecuted" testListId="8c84fa94-04c1-424b-9868-57a2d4851a1d" relativeResultsDirectory="b5eb6ec2-3d3f-42fd-8b17-bf481ad89e5d">
    </UnitTestResult>
  </Results>
</TestRun>