<?xml version="1.0" encoding="UTF-8"?>
<TestRun id="945fd6d1-dcda-4a33-b4ec-b84be490dc30" name="Coen@COEN01 2012-08-30 01:26:54" runUser="coen01\Coen" xmlns="http://microsoft.com/schemas/VisualStudio/TeamTest/2010">
  <TestSettings name="Local" id="5786f090-59a7-42af-a58c-ae00a1ce97c2">
    <Description>These are default test settings for a local test run.</Description>
    <Deployment enabled="false" runDeploymentRoot="Coen_COEN01 2012-08-30 01_26_54">
      <DeploymentItem filename="C:\code\bug\Bug\bin\Debug\Bug.exe" />
    </Deployment>
    <Execution>
      <TestTypeSpecific />
      <AgentRule name="Execution Agents">
      </AgentRule>
    </Execution>
  </TestSettings>
  <Times creation="2012-08-30T01:26:54.7386771+02:00" queuing="2012-08-30T01:26:55.4874785+02:00" start="2012-08-30T01:26:55.5498786+02:00" finish="2012-08-30T01:27:08.5759014+02:00" />
  <ResultSummary outcome="Error">
    <Counters total="7" executed="3" passed="2" error="0" failed="0" timeout="0" aborted="1" inconclusive="0" passedButRunAborted="0" notRunnable="0" notExecuted="4" disconnected="0" warning="0" completed="0" inProgress="0" pending="0" />
    <RunInfos>
      <RunInfo computerName="COEN01" outcome="Error" timestamp="2012-08-30T01:27:08.5759014+02:00">
        <Text>Test host process exited unexpectedly.</Text>
      </RunInfo>
    </RunInfos>
  </ResultSummary>
  <TestDefinitions>
    <UnitTest name="TimeEntryParseConstructorTest" storage="c:\code\bug\testproject\bin\debug\testproject.dll" id="ce4d802a-d88b-c253-861d-57a8449adeeb">
      <Execution id="7b5ee292-a9e2-45c7-8789-5e9069b37f67" />
      <TestMethod codeBase="C:/code/bug/TestProject/bin/Debug/TestProject.DLL" adapterTypeName="Microsoft.VisualStudio.TestTools.TestTypes.Unit.UnitTestAdapter, Microsoft.VisualStudio.QualityTools.Tips.UnitTest.Adapter, Version=10.0.0.0, Culture=neutral, PublicKeyToken=b03f5f7f11d50a3a" className="TestProject.TimeEntryTest, TestProject, Version=1.0.0.0, Culture=neutral, PublicKeyToken=null" name="TimeEntryParseConstructorTest" />
    </UnitTest>
    <UnitTest name="ToSimpleStringTest" storage="c:\code\bug\testproject\bin\debug\testproject.dll" id="1f0f11e1-8f92-b124-2dad-e1bd7cb8be9a">
      <Execution id="313d2018-2e9e-4e88-89eb-e15efdeff3b1" />
      <TestMethod codeBase="C:/code/bug/TestProject/bin/Debug/TestProject.DLL" adapterTypeName="Microsoft.VisualStudio.TestTools.TestTypes.Unit.UnitTestAdapter, Microsoft.VisualStudio.QualityTools.Tips.UnitTest.Adapter, Version=10.0.0.0, Culture=neutral, PublicKeyToken=b03f5f7f11d50a3a" className="TestProject.TimeSpanExtensionsTest, TestProject, Version=1.0.0.0, Culture=neutral, PublicKeyToken=null" name="ToSimpleStringTest" />
    </UnitTest>
    <UnitTest name="TimeEntryConstructorTest" storage="c:\code\bug\testproject\bin\debug\testproject.dll" id="b10a3813-a73b-7933-aa5d-6d89f699fdb7">
      <Execution id="1e1897d0-44d7-44fc-8181-83e1674240f5" />
      <TestMethod codeBase="C:/code/bug/TestProject/bin/Debug/TestProject.DLL" adapterTypeName="Microsoft.VisualStudio.TestTools.TestTypes.Unit.UnitTestAdapter, Microsoft.VisualStudio.QualityTools.Tips.UnitTest.Adapter, Version=10.0.0.0, Culture=neutral, PublicKeyToken=b03f5f7f11d50a3a" className="TestProject.TimeEntryTest, TestProject, Version=1.0.0.0, Culture=neutral, PublicKeyToken=null" name="TimeEntryConstructorTest" />
    </UnitTest>
    <UnitTest name="TimeEntryCollectionConstructorTest" storage="c:\code\bug\testproject\bin\debug\testproject.dll" id="2d368439-f824-7d72-7611-116709ee3ce5">
      <Execution id="a8d93563-1f77-44a5-8ec8-aff70903537f" />
      <TestMethod codeBase="C:/code/bug/TestProject/bin/Debug/TestProject.DLL" adapterTypeName="Microsoft.VisualStudio.TestTools.TestTypes.Unit.UnitTestAdapter, Microsoft.VisualStudio.QualityTools.Tips.UnitTest.Adapter, Version=10.0.0.0, Culture=neutral, PublicKeyToken=b03f5f7f11d50a3a" className="TestProject.TimeEntryCollectionTest, TestProject, Version=1.0.0.0, Culture=neutral, PublicKeyToken=null" name="TimeEntryCollectionConstructorTest" />
    </UnitTest>
    <UnitTest name="InsertTest" storage="c:\code\bug\testproject\bin\debug\testproject.dll" id="9308e608-94c3-c793-44a0-7e6168cfb45d">
      <Execution id="7a2cb9dc-26c9-46b9-9209-527267d9ed78" />
      <TestMethod codeBase="C:/code/bug/TestProject/bin/Debug/TestProject.DLL" adapterTypeName="Microsoft.VisualStudio.TestTools.TestTypes.Unit.UnitTestAdapter, Microsoft.VisualStudio.QualityTools.Tips.UnitTest.Adapter, Version=10.0.0.0, Culture=neutral, PublicKeyToken=b03f5f7f11d50a3a" className="TestProject.TimeEntryCollectionTest, TestProject, Version=1.0.0.0, Culture=neutral, PublicKeyToken=null" name="InsertTest" />
    </UnitTest>
    <UnitTest name="ToStringTest" storage="c:\code\bug\testproject\bin\debug\testproject.dll" id="89072e21-dbe3-dce0-01c0-57ef9c9b6553">
      <Execution id="1f034743-ed22-4887-8ed9-d94e92209ab1" />
      <TestMethod codeBase="C:/code/bug/TestProject/bin/Debug/TestProject.DLL" adapterTypeName="Microsoft.VisualStudio.TestTools.TestTypes.Unit.UnitTestAdapter, Microsoft.VisualStudio.QualityTools.Tips.UnitTest.Adapter, Version=10.0.0.0, Culture=neutral, PublicKeyToken=b03f5f7f11d50a3a" className="TestProject.TimeEntryTest, TestProject, Version=1.0.0.0, Culture=neutral, PublicKeyToken=null" name="ToStringTest" />
    </UnitTest>
    <UnitTest name="SaveTest" storage="c:\code\bug\testproject\bin\debug\testproject.dll" id="e2040fae-2757-28cf-a744-e5a90282effd">
      <Execution id="64efc226-369f-41f7-9dd3-85d384d0e115" />
      <TestMethod codeBase="C:/code/bug/TestProject/bin/Debug/TestProject.DLL" adapterTypeName="Microsoft.VisualStudio.TestTools.TestTypes.Unit.UnitTestAdapter, Microsoft.VisualStudio.QualityTools.Tips.UnitTest.Adapter, Version=10.0.0.0, Culture=neutral, PublicKeyToken=b03f5f7f11d50a3a" className="TestProject.TimeEntryCollectionTest, TestProject, Version=1.0.0.0, Culture=neutral, PublicKeyToken=null" name="SaveTest" />
    </UnitTest>
  </TestDefinitions>
  <TestLists>
    <TestList name="Results Not in a List" id="8c84fa94-04c1-424b-9868-57a2d4851a1d" />
    <TestList name="All Loaded Results" id="19431567-8539-422a-85d7-44ee4e166bda" />
  </TestLists>
  <TestEntries>
    <TestEntry testId="b10a3813-a73b-7933-aa5d-6d89f699fdb7" executionId="1e1897d0-44d7-44fc-8181-83e1674240f5" testListId="8c84fa94-04c1-424b-9868-57a2d4851a1d" />
    <TestEntry testId="ce4d802a-d88b-c253-861d-57a8449adeeb" executionId="7b5ee292-a9e2-45c7-8789-5e9069b37f67" testListId="8c84fa94-04c1-424b-9868-57a2d4851a1d" />
    <TestEntry testId="89072e21-dbe3-dce0-01c0-57ef9c9b6553" executionId="1f034743-ed22-4887-8ed9-d94e92209ab1" testListId="8c84fa94-04c1-424b-9868-57a2d4851a1d" />
    <TestEntry testId="2d368439-f824-7d72-7611-116709ee3ce5" executionId="a8d93563-1f77-44a5-8ec8-aff70903537f" testListId="8c84fa94-04c1-424b-9868-57a2d4851a1d" />
    <TestEntry testId="9308e608-94c3-c793-44a0-7e6168cfb45d" executionId="7a2cb9dc-26c9-46b9-9209-527267d9ed78" testListId="8c84fa94-04c1-424b-9868-57a2d4851a1d" />
    <TestEntry testId="e2040fae-2757-28cf-a744-e5a90282effd" executionId="64efc226-369f-41f7-9dd3-85d384d0e115" testListId="8c84fa94-04c1-424b-9868-57a2d4851a1d" />
    <TestEntry testId="1f0f11e1-8f92-b124-2dad-e1bd7cb8be9a" executionId="313d2018-2e9e-4e88-89eb-e15efdeff3b1" testListId="8c84fa94-04c1-424b-9868-57a2d4851a1d" />
  </TestEntries>
  <Results>
    <UnitTestResult executionId="1e1897d0-44d7-44fc-8181-83e1674240f5" testId="b10a3813-a73b-7933-aa5d-6d89f699fdb7" testName="TimeEntryConstructorTest" computerName="COEN01" duration="00:00:00.0311227" startTime="2012-08-30T01:26:55.5810786+02:00" endTime="2012-08-30T01:26:56.1738797+02:00" testType="13cdc9d9-ddb5-4fa4-a97d-d965ccfc6d4b" outcome="Passed" testListId="8c84fa94-04c1-424b-9868-57a2d4851a1d" relativeResultsDirectory="1e1897d0-44d7-44fc-8181-83e1674240f5">
    </UnitTestResult>
    <UnitTestResult executionId="7b5ee292-a9e2-45c7-8789-5e9069b37f67" testId="ce4d802a-d88b-c253-861d-57a8449adeeb" testName="TimeEntryParseConstructorTest" computerName="COEN01" duration="00:00:00.0678059" startTime="2012-08-30T01:26:56.2674798+02:00" endTime="2012-08-30T01:26:56.3454800+02:00" testType="13cdc9d9-ddb5-4fa4-a97d-d965ccfc6d4b" outcome="Passed" testListId="8c84fa94-04c1-424b-9868-57a2d4851a1d" relativeResultsDirectory="7b5ee292-a9e2-45c7-8789-5e9069b37f67">
    </UnitTestResult>
    <UnitTestResult executionId="1f034743-ed22-4887-8ed9-d94e92209ab1" testId="89072e21-dbe3-dce0-01c0-57ef9c9b6553" testName="ToStringTest" computerName="COEN01" duration="00:00:12.2304214" startTime="2012-08-30T01:26:56.3454800+02:00" endTime="2012-08-30T01:27:08.5759014+02:00" testType="13cdc9d9-ddb5-4fa4-a97d-d965ccfc6d4b" outcome="Aborted" testListId="8c84fa94-04c1-424b-9868-57a2d4851a1d" relativeResultsDirectory="1f034743-ed22-4887-8ed9-d94e92209ab1">
    </UnitTestResult>
    <UnitTestResult executionId="a8d93563-1f77-44a5-8ec8-aff70903537f" testId="2d368439-f824-7d72-7611-116709ee3ce5" testName="TimeEntryCollectionConstructorTest" computerName="COEN01" testType="13cdc9d9-ddb5-4fa4-a97d-d965ccfc6d4b" outcome="NotExecuted" testListId="8c84fa94-04c1-424b-9868-57a2d4851a1d" relativeResultsDirectory="a8d93563-1f77-44a5-8ec8-aff70903537f">
    </UnitTestResult>
    <UnitTestResult executionId="7a2cb9dc-26c9-46b9-9209-527267d9ed78" testId="9308e608-94c3-c793-44a0-7e6168cfb45d" testName="InsertTest" computerName="COEN01" testType="13cdc9d9-ddb5-4fa4-a97d-d965ccfc6d4b" outcome="NotExecuted" testListId="8c84fa94-04c1-424b-9868-57a2d4851a1d" relativeResultsDirectory="7a2cb9dc-26c9-46b9-9209-527267d9ed78">
    </UnitTestResult>
    <UnitTestResult executionId="64efc226-369f-41f7-9dd3-85d384d0e115" testId="e2040fae-2757-28cf-a744-e5a90282effd" testName="SaveTest" computerName="COEN01" testType="13cdc9d9-ddb5-4fa4-a97d-d965ccfc6d4b" outcome="NotExecuted" testListId="8c84fa94-04c1-424b-9868-57a2d4851a1d" relativeResultsDirectory="64efc226-369f-41f7-9dd3-85d384d0e115">
    </UnitTestResult>
    <UnitTestResult executionId="313d2018-2e9e-4e88-89eb-e15efdeff3b1" testId="1f0f11e1-8f92-b124-2dad-e1bd7cb8be9a" testName="ToSimpleStringTest" computerName="COEN01" testType="13cdc9d9-ddb5-4fa4-a97d-d965ccfc6d4b" outcome="NotExecuted" testListId="8c84fa94-04c1-424b-9868-57a2d4851a1d" relativeResultsDirectory="313d2018-2e9e-4e88-89eb-e15efdeff3b1">
    </UnitTestResult>
  </Results>
</TestRun>